Change Component Description : Designator=C2 Old Description=0.1µF ±10% 50V Ceramic Capacitor X7R 0805 (2012 Metric) New Description=0.1µF ±10% 50V Ceramic Capacitor X7R 0805 (2012 Metric)

Change Component Description : Designator=C3 Old Description=0.1µF ±10% 50V Ceramic Capacitor X7R 0805 (2012 Metric) New Description=0.1µF ±10% 50V Ceramic Capacitor X7R 0805 (2012 Metric)

Change Component Description : Designator=C4 Old Description=0.1µF ±10% 50V Ceramic Capacitor X7R 0805 (2012 Metric) New Description=0.1µF ±10% 50V Ceramic Capacitor X7R 0805 (2012 Metric)

Change Component Description : Designator=C9 Old Description=0.1µF ±10% 50V Ceramic Capacitor X7R 0805 (2012 Metric) New Description=0.1µF ±10% 50V Ceramic Capacitor X7R 0805 (2012 Metric)

Change Component Description : Designator=C13 Old Description=0.1µF ±10% 50V Ceramic Capacitor X7R 0805 (2012 Metric) New Description=0.1µF ±10% 50V Ceramic Capacitor X7R 0805 (2012 Metric)

Change Component Description : Designator=C17 Old Description=0.1µF ±10% 50V Ceramic Capacitor X7R 0805 (2012 Metric) New Description=0.1µF ±10% 50V Ceramic Capacitor X7R 0805 (2012 Metric)

Change Component Description : Designator=C22 Old Description=0.1µF ±10% 50V Ceramic Capacitor X7R 0805 (2012 Metric) New Description=0.1µF ±10% 50V Ceramic Capacitor X7R 0805 (2012 Metric)

Change Component Description : Designator=C25 Old Description=0.1µF ±10% 50V Ceramic Capacitor X7R 0805 (2012 Metric) New Description=0.1µF ±10% 50V Ceramic Capacitor X7R 0805 (2012 Metric)

Change Component Description : Designator=C28 Old Description=0.1µF ±10% 50V Ceramic Capacitor X7R 0805 (2012 Metric) New Description=0.1µF ±10% 50V Ceramic Capacitor X7R 0805 (2012 Metric)

Change Component Description : Designator=C29 Old Description=0.1µF ±10% 50V Ceramic Capacitor X7R 0805 (2012 Metric) New Description=0.1µF ±10% 50V Ceramic Capacitor X7R 0805 (2012 Metric)

Change Component Description : Designator=C30 Old Description=0.1µF ±10% 50V Ceramic Capacitor X7R 0805 (2012 Metric) New Description=0.1µF ±10% 50V Ceramic Capacitor X7R 0805 (2012 Metric)

Change Component Description : Designator=C31 Old Description=0.1µF ±10% 50V Ceramic Capacitor X7R 0805 (2012 Metric) New Description=0.1µF ±10% 50V Ceramic Capacitor X7R 0805 (2012 Metric)

Change Component Description : Designator=C32 Old Description=0.1µF ±10% 50V Ceramic Capacitor X7R 0805 (2012 Metric) New Description=0.1µF ±10% 50V Ceramic Capacitor X7R 0805 (2012 Metric)

Change Component Description : Designator=C36 Old Description=0.1µF ±10% 50V Ceramic Capacitor X7R 0805 (2012 Metric) New Description=0.1µF ±10% 50V Ceramic Capacitor X7R 0805 (2012 Metric)

Change Component Description : Designator=C38 Old Description=0.1µF ±10% 50V Ceramic Capacitor X7R 0805 (2012 Metric) New Description=0.1µF ±10% 50V Ceramic Capacitor X7R 0805 (2012 Metric)

Change Component Description : Designator=C40 Old Description=0.1µF ±10% 50V Ceramic Capacitor X7R 0805 (2012 Metric) New Description=0.1µF ±10% 50V Ceramic Capacitor X7R 0805 (2012 Metric)

Change Component Description : Designator=C44 Old Description=0.1µF ±10% 50V Ceramic Capacitor X7R 0805 (2012 Metric) New Description=0.1µF ±10% 50V Ceramic Capacitor X7R 0805 (2012 Metric)

Change Component Description : Designator=C46 Old Description=0.1µF ±10% 50V Ceramic Capacitor X7R 0805 (2012 Metric) New Description=0.1µF ±10% 50V Ceramic Capacitor X7R 0805 (2012 Metric)

Change Component Description : Designator=C47 Old Description=0.1µF ±10% 50V Ceramic Capacitor X7R 0805 (2012 Metric) New Description=0.1µF ±10% 50V Ceramic Capacitor X7R 0805 (2012 Metric)

Change Component Description : Designator=C53 Old Description=0.1µF ±10% 50V Ceramic Capacitor X7R 0805 (2012 Metric) New Description=0.1µF ±10% 50V Ceramic Capacitor X7R 0805 (2012 Metric)

Change Component Description : Designator=C54 Old Description=0.1µF ±10% 50V Ceramic Capacitor X7R 0805 (2012 Metric) New Description=0.1µF ±10% 50V Ceramic Capacitor X7R 0805 (2012 Metric)

Change Component Description : Designator=C55 Old Description=0.1µF ±10% 50V Ceramic Capacitor X7R 0805 (2012 Metric) New Description=0.1µF ±10% 50V Ceramic Capacitor X7R 0805 (2012 Metric)

Change Component Description : Designator=C57 Old Description=0.1µF ±10% 50V Ceramic Capacitor X7R 0805 (2012 Metric) New Description=0.1µF ±10% 50V Ceramic Capacitor X7R 0805 (2012 Metric)

Change Component Description : Designator=C60 Old Description=0.1µF ±10% 50V Ceramic Capacitor X7R 0805 (2012 Metric) New Description=0.1µF ±10% 50V Ceramic Capacitor X7R 0805 (2012 Metric)

Change Component Description : Designator=C61 Old Description=0.1µF ±10% 50V Ceramic Capacitor X7R 0805 (2012 Metric) New Description=0.1µF ±10% 50V Ceramic Capacitor X7R 0805 (2012 Metric)

Change Component Description : Designator=C62 Old Description=0.1µF ±10% 50V Ceramic Capacitor X7R 0805 (2012 Metric) New Description=0.1µF ±10% 50V Ceramic Capacitor X7R 0805 (2012 Metric)

Change Component Description : Designator=C63 Old Description=0.1µF ±10% 50V Ceramic Capacitor X7R 0805 (2012 Metric) New Description=0.1µF ±10% 50V Ceramic Capacitor X7R 0805 (2012 Metric)

Change Component Description : Designator=C64 Old Description=0.1µF ±10% 50V Ceramic Capacitor X7R 0805 (2012 Metric) New Description=0.1µF ±10% 50V Ceramic Capacitor X7R 0805 (2012 Metric)

Change Component Description : Designator=C69 Old Description=0.1µF ±10% 50V Ceramic Capacitor X7R 0805 (2012 Metric) New Description=0.1µF ±10% 50V Ceramic Capacitor X7R 0805 (2012 Metric)

Change Component Description : Designator=C70 Old Description=0.1µF ±10% 50V Ceramic Capacitor X7R 0805 (2012 Metric) New Description=0.1µF ±10% 50V Ceramic Capacitor X7R 0805 (2012 Metric)

Change Component Description : Designator=C71 Old Description=0.1µF ±10% 50V Ceramic Capacitor X7R 0805 (2012 Metric) New Description=0.1µF ±10% 50V Ceramic Capacitor X7R 0805 (2012 Metric)

Change Component Description : Designator=C72 Old Description=0.1µF ±10% 50V Ceramic Capacitor X7R 0805 (2012 Metric) New Description=0.1µF ±10% 50V Ceramic Capacitor X7R 0805 (2012 Metric)

Change Component Description : Designator=C75 Old Description=0.1µF ±10% 50V Ceramic Capacitor X7R 0805 (2012 Metric) New Description=0.1µF ±10% 50V Ceramic Capacitor X7R 0805 (2012 Metric)

Change Component Description : Designator=C78 Old Description=0.1µF ±10% 50V Ceramic Capacitor X7R 0805 (2012 Metric) New Description=0.1µF ±10% 50V Ceramic Capacitor X7R 0805 (2012 Metric)

Change Component Description : Designator=C86 Old Description=0.1µF ±10% 50V Ceramic Capacitor X7R 0805 (2012 Metric) New Description=0.1µF ±10% 50V Ceramic Capacitor X7R 0805 (2012 Metric)

Change Component Description : Designator=C87 Old Description=0.1µF ±10% 50V Ceramic Capacitor X7R 0805 (2012 Metric) New Description=0.1µF ±10% 50V Ceramic Capacitor X7R 0805 (2012 Metric)

Change Component Description : Designator=C92 Old Description=0.1µF ±10% 50V Ceramic Capacitor X7R 0805 (2012 Metric) New Description=0.1µF ±10% 50V Ceramic Capacitor X7R 0805 (2012 Metric)

Change Component Description : Designator=C35 Old Description=0.022µF ±10% 50V Ceramic Capacitor X7R 0805 (2012 Metric) New Description=0.022µF ±10% 50V Ceramic Capacitor X7R 0805 (2012 Metric)

Change Component Description : Designator=C39 Old Description=0.022µF ±10% 50V Ceramic Capacitor X7R 0805 (2012 Metric) New Description=0.022µF ±10% 50V Ceramic Capacitor X7R 0805 (2012 Metric)

Change Component Description : Designator=R3 Old Description=1.5 kOhms ±1% 0.125W, 1/8W Chip Resistor 0805 (2012 Metric) Thick Film New Description=1.5 kOhms ±1% 0.125W, 1/8W Chip Resistor 0805 (2012 Metric) Thick Film 

Change Component Description : Designator=R28 Old Description=1 kOhms ±1% 0.1W, 1/10W Chip Resistor 0603 (1608 Metric) Automotive AEC-Q200 Thick Film New Description=1 kOhms ±1% 0.1W, 1/10W Chip Resistor 0603 (1608 Metric) Automotive AEC-Q200 Thick Film

Change Component Description : Designator=R29 Old Description=1 kOhms ±1% 0.1W, 1/10W Chip Resistor 0603 (1608 Metric) Automotive AEC-Q200 Thick Film New Description=1 kOhms ±1% 0.1W, 1/10W Chip Resistor 0603 (1608 Metric) Automotive AEC-Q200 Thick Film

Change Component Description : Designator=R12 Old Description=1 MOhms ±1% 0.25W, 1/4W Chip Resistor 1206 (3216 Metric) Automotive AEC-Q200, High Voltage Thick Film New Description=1 MOhms ±1% 0.25W, 1/4W Chip Resistor 1206 (3216 Metric) Automotive AEC-Q200, High Voltage Thick Film

Change Component Description : Designator=C7 Old Description=1µF ±5% 50V Ceramic Capacitor X7R 0805 (2012 Metric) New Description=1µF ±5% 50V Ceramic Capacitor X7R 0805 (2012 Metric)

Change Component Description : Designator=C12 Old Description=1µF ±5% 50V Ceramic Capacitor X7R 0805 (2012 Metric) New Description=1µF ±5% 50V Ceramic Capacitor X7R 0805 (2012 Metric)

Change Component Description : Designator=C18 Old Description=1µF ±5% 50V Ceramic Capacitor X7R 0805 (2012 Metric) New Description=1µF ±5% 50V Ceramic Capacitor X7R 0805 (2012 Metric)

Change Component Description : Designator=C23 Old Description=1µF ±5% 50V Ceramic Capacitor X7R 0805 (2012 Metric) New Description=1µF ±5% 50V Ceramic Capacitor X7R 0805 (2012 Metric)

Change Component Description : Designator=C26 Old Description=1µF ±5% 50V Ceramic Capacitor X7R 0805 (2012 Metric) New Description=1µF ±5% 50V Ceramic Capacitor X7R 0805 (2012 Metric)

Change Component Description : Designator=C27 Old Description=1µF ±5% 50V Ceramic Capacitor X7R 0805 (2012 Metric) New Description=1µF ±5% 50V Ceramic Capacitor X7R 0805 (2012 Metric)

Change Component Description : Designator=C37 Old Description=1µF ±5% 50V Ceramic Capacitor X7R 0805 (2012 Metric) New Description=1µF ±5% 50V Ceramic Capacitor X7R 0805 (2012 Metric)

Change Component Description : Designator=C41 Old Description=1µF ±5% 50V Ceramic Capacitor X7R 0805 (2012 Metric) New Description=1µF ±5% 50V Ceramic Capacitor X7R 0805 (2012 Metric)

Change Component Description : Designator=C42 Old Description=1µF ±5% 50V Ceramic Capacitor X7R 0805 (2012 Metric) New Description=1µF ±5% 50V Ceramic Capacitor X7R 0805 (2012 Metric)

Change Component Description : Designator=C43 Old Description=1µF ±5% 50V Ceramic Capacitor X7R 0805 (2012 Metric) New Description=1µF ±5% 50V Ceramic Capacitor X7R 0805 (2012 Metric)

Change Component Description : Designator=C51 Old Description=1µF ±5% 50V Ceramic Capacitor X7R 0805 (2012 Metric) New Description=1µF ±5% 50V Ceramic Capacitor X7R 0805 (2012 Metric)

Change Component Description : Designator=C52 Old Description=1µF ±5% 50V Ceramic Capacitor X7R 0805 (2012 Metric) New Description=1µF ±5% 50V Ceramic Capacitor X7R 0805 (2012 Metric)

Change Component Description : Designator=C67 Old Description=1µF ±5% 50V Ceramic Capacitor X7R 0805 (2012 Metric) New Description=1µF ±5% 50V Ceramic Capacitor X7R 0805 (2012 Metric)

Change Component Description : Designator=C68 Old Description=1µF ±5% 50V Ceramic Capacitor X7R 0805 (2012 Metric) New Description=1µF ±5% 50V Ceramic Capacitor X7R 0805 (2012 Metric)

Change Component Description : Designator=C73 Old Description=1µF ±5% 50V Ceramic Capacitor X7R 0805 (2012 Metric) New Description=1µF ±5% 50V Ceramic Capacitor X7R 0805 (2012 Metric)

Change Component Description : Designator=C76 Old Description=1µF ±5% 50V Ceramic Capacitor X7R 0805 (2012 Metric) New Description=1µF ±5% 50V Ceramic Capacitor X7R 0805 (2012 Metric)

Change Component Description : Designator=C77 Old Description=1µF ±5% 50V Ceramic Capacitor X7R 0805 (2012 Metric) New Description=1µF ±5% 50V Ceramic Capacitor X7R 0805 (2012 Metric)

Change Component Description : Designator=C79 Old Description=1µF ±5% 50V Ceramic Capacitor X7R 0805 (2012 Metric) New Description=1µF ±5% 50V Ceramic Capacitor X7R 0805 (2012 Metric)

Change Component Description : Designator=C85 Old Description=1µF ±5% 50V Ceramic Capacitor X7R 0805 (2012 Metric) New Description=1µF ±5% 50V Ceramic Capacitor X7R 0805 (2012 Metric)

Change Component Description : Designator=C88 Old Description=1µF ±5% 50V Ceramic Capacitor X7R 0805 (2012 Metric) New Description=1µF ±5% 50V Ceramic Capacitor X7R 0805 (2012 Metric)

Change Component Description : Designator=C91 Old Description=1µF ±5% 50V Ceramic Capacitor X7R 0805 (2012 Metric) New Description=1µF ±5% 50V Ceramic Capacitor X7R 0805 (2012 Metric)

Change Component Description : Designator=C65 Old Description=2.2µF ±10% 25V Ceramic Capacitor X7R 0805 (2012 Metric) New Description=2.2µF ±10% 25V Ceramic Capacitor X7R 0805 (2012 Metric)

Change Component Description : Designator=C66 Old Description=2.2µF ±10% 25V Ceramic Capacitor X7R 0805 (2012 Metric) New Description=2.2µF ±10% 25V Ceramic Capacitor X7R 0805 (2012 Metric)

Change Component Description : Designator=R13 Old Description=2 kOhms ±1% 0.125W, 1/8W Chip Resistor 0603 (1608 Metric) Anti-Sulfur, Moisture Resistant Thin Film New Description=2 kOhms ±1% 0.125W, 1/8W Chip Resistor 0603 (1608 Metric) Anti-Sulfur, Moisture Resistant Thin Film

Change Component Description : Designator=R37 Old Description=2 kOhms ±1% 0.125W, 1/8W Chip Resistor 0603 (1608 Metric) Anti-Sulfur, Moisture Resistant Thin Film New Description=2 kOhms ±1% 0.125W, 1/8W Chip Resistor 0603 (1608 Metric) Anti-Sulfur, Moisture Resistant Thin Film

Change Component Description : Designator=R6 Old Description=3.3 kOhms ±1% 0.1W, 1/10W Chip Resistor 0603 (1608 Metric) Automotive AEC-Q200 Thick Film New Description=3.3 kOhms ±1% 0.1W, 1/10W Chip Resistor 0603 (1608 Metric) Automotive AEC-Q200 Thick Film

Change Component Description : Designator=R7 Old Description=3.3 kOhms ±1% 0.1W, 1/10W Chip Resistor 0603 (1608 Metric) Automotive AEC-Q200 Thick Film New Description=3.3 kOhms ±1% 0.1W, 1/10W Chip Resistor 0603 (1608 Metric) Automotive AEC-Q200 Thick Film

Change Component Description : Designator=R14 Old Description=3.3 kOhms ±1% 0.1W, 1/10W Chip Resistor 0603 (1608 Metric) Automotive AEC-Q200 Thick Film New Description=3.3 kOhms ±1% 0.1W, 1/10W Chip Resistor 0603 (1608 Metric) Automotive AEC-Q200 Thick Film

Change Component Description : Designator=R38 Old Description=3.3 kOhms ±1% 0.1W, 1/10W Chip Resistor 0603 (1608 Metric) Automotive AEC-Q200 Thick Film New Description=3.3 kOhms ±1% 0.1W, 1/10W Chip Resistor 0603 (1608 Metric) Automotive AEC-Q200 Thick Film

Change Component Description : Designator=C1 Old Description=4.7µF ±10% 50V Ceramic Capacitor X5R 0805 (2012 Metric) New Description=4.7µF ±10% 50V Ceramic Capacitor X5R 0805 (2012 Metric)

Change Component Description : Designator=C59 Old Description=4.7µF ±10% 50V Ceramic Capacitor X5R 0805 (2012 Metric) New Description=4.7µF ±10% 50V Ceramic Capacitor X5R 0805 (2012 Metric)

Change Component Description : Designator=R11 Old Description=6.49 kOhms ±1% 0.125W, 1/8W Chip Resistor 0805 (2012 Metric) Moisture Resistant Thick Film New Description=6.49 kOhms ±1% 0.125W, 1/8W Chip Resistor 0805 (2012 Metric) Moisture Resistant Thick Film

Change Component Description : Designator=D1 Old Description=8.8V Clamp 5A (8/20µs) Ipp Tvs Diode Surface Mount SOD-923 New Description=8.8V Clamp 5A (8/20µs) Ipp Tvs Diode Surface Mount SOD-923

Change Component Description : Designator=D2 Old Description=8.8V Clamp 5A (8/20µs) Ipp Tvs Diode Surface Mount SOD-923 New Description=8.8V Clamp 5A (8/20µs) Ipp Tvs Diode Surface Mount SOD-923

Change Component Description : Designator=D3 Old Description=8.8V Clamp 5A (8/20µs) Ipp Tvs Diode Surface Mount SOD-923 New Description=8.8V Clamp 5A (8/20µs) Ipp Tvs Diode Surface Mount SOD-923

Change Component Description : Designator=D4 Old Description=8.8V Clamp 5A (8/20µs) Ipp Tvs Diode Surface Mount SOD-923 New Description=8.8V Clamp 5A (8/20µs) Ipp Tvs Diode Surface Mount SOD-923

Change Component Description : Designator=X1 Old Description=8MHz ±30ppm Crystal 32pF 60 Ohms HC-49/US New Description=8MHz ±30ppm Crystal 32pF 60 Ohms HC-49/US

Change Component Description : Designator=X2 Old Description=8MHz ±30ppm Crystal 32pF 60 Ohms HC-49/US New Description=8MHz ±30ppm Crystal 32pF 60 Ohms HC-49/US

Change Component Description : Designator=R2 Old Description=10 kOhms ±1% 0.1W, 1/10W Chip Resistor 0603 (1608 Metric) Automotive AEC-Q200 Thick Film New Description=10 kOhms ±1% 0.1W, 1/10W Chip Resistor 0603 (1608 Metric) Automotive AEC-Q200 Thick Film

Change Component Description : Designator=R5 Old Description=10 kOhms ±1% 0.1W, 1/10W Chip Resistor 0603 (1608 Metric) Automotive AEC-Q200 Thick Film New Description=10 kOhms ±1% 0.1W, 1/10W Chip Resistor 0603 (1608 Metric) Automotive AEC-Q200 Thick Film

Change Component Description : Designator=R8 Old Description=10 kOhms ±1% 0.1W, 1/10W Chip Resistor 0603 (1608 Metric) Automotive AEC-Q200 Thick Film New Description=10 kOhms ±1% 0.1W, 1/10W Chip Resistor 0603 (1608 Metric) Automotive AEC-Q200 Thick Film

Change Component Description : Designator=R9 Old Description=10 kOhms ±1% 0.1W, 1/10W Chip Resistor 0603 (1608 Metric) Automotive AEC-Q200 Thick Film New Description=10 kOhms ±1% 0.1W, 1/10W Chip Resistor 0603 (1608 Metric) Automotive AEC-Q200 Thick Film

Change Component Description : Designator=R10 Old Description=10 kOhms ±1% 0.1W, 1/10W Chip Resistor 0603 (1608 Metric) Automotive AEC-Q200 Thick Film New Description=10 kOhms ±1% 0.1W, 1/10W Chip Resistor 0603 (1608 Metric) Automotive AEC-Q200 Thick Film

Change Component Description : Designator=R15 Old Description=10 kOhms ±1% 0.1W, 1/10W Chip Resistor 0603 (1608 Metric) Automotive AEC-Q200 Thick Film New Description=10 kOhms ±1% 0.1W, 1/10W Chip Resistor 0603 (1608 Metric) Automotive AEC-Q200 Thick Film

Change Component Description : Designator=R16 Old Description=10 kOhms ±1% 0.1W, 1/10W Chip Resistor 0603 (1608 Metric) Automotive AEC-Q200 Thick Film New Description=10 kOhms ±1% 0.1W, 1/10W Chip Resistor 0603 (1608 Metric) Automotive AEC-Q200 Thick Film

Change Component Description : Designator=R17 Old Description=10 kOhms ±1% 0.1W, 1/10W Chip Resistor 0603 (1608 Metric) Automotive AEC-Q200 Thick Film New Description=10 kOhms ±1% 0.1W, 1/10W Chip Resistor 0603 (1608 Metric) Automotive AEC-Q200 Thick Film

Change Component Description : Designator=R18 Old Description=10 kOhms ±1% 0.1W, 1/10W Chip Resistor 0603 (1608 Metric) Automotive AEC-Q200 Thick Film New Description=10 kOhms ±1% 0.1W, 1/10W Chip Resistor 0603 (1608 Metric) Automotive AEC-Q200 Thick Film

Change Component Description : Designator=R21 Old Description=10 kOhms ±1% 0.1W, 1/10W Chip Resistor 0603 (1608 Metric) Automotive AEC-Q200 Thick Film New Description=10 kOhms ±1% 0.1W, 1/10W Chip Resistor 0603 (1608 Metric) Automotive AEC-Q200 Thick Film

Change Component Description : Designator=R22 Old Description=10 kOhms ±1% 0.1W, 1/10W Chip Resistor 0603 (1608 Metric) Automotive AEC-Q200 Thick Film New Description=10 kOhms ±1% 0.1W, 1/10W Chip Resistor 0603 (1608 Metric) Automotive AEC-Q200 Thick Film

Change Component Description : Designator=R23 Old Description=10 kOhms ±1% 0.1W, 1/10W Chip Resistor 0603 (1608 Metric) Automotive AEC-Q200 Thick Film New Description=10 kOhms ±1% 0.1W, 1/10W Chip Resistor 0603 (1608 Metric) Automotive AEC-Q200 Thick Film

Change Component Description : Designator=R24 Old Description=10 kOhms ±1% 0.1W, 1/10W Chip Resistor 0603 (1608 Metric) Automotive AEC-Q200 Thick Film New Description=10 kOhms ±1% 0.1W, 1/10W Chip Resistor 0603 (1608 Metric) Automotive AEC-Q200 Thick Film

Change Component Description : Designator=R25 Old Description=10 kOhms ±1% 0.1W, 1/10W Chip Resistor 0603 (1608 Metric) Automotive AEC-Q200 Thick Film New Description=10 kOhms ±1% 0.1W, 1/10W Chip Resistor 0603 (1608 Metric) Automotive AEC-Q200 Thick Film

Change Component Description : Designator=R26 Old Description=10 kOhms ±1% 0.1W, 1/10W Chip Resistor 0603 (1608 Metric) Automotive AEC-Q200 Thick Film New Description=10 kOhms ±1% 0.1W, 1/10W Chip Resistor 0603 (1608 Metric) Automotive AEC-Q200 Thick Film

Change Component Description : Designator=R32 Old Description=10 kOhms ±1% 0.1W, 1/10W Chip Resistor 0603 (1608 Metric) Automotive AEC-Q200 Thick Film New Description=10 kOhms ±1% 0.1W, 1/10W Chip Resistor 0603 (1608 Metric) Automotive AEC-Q200 Thick Film

Change Component Description : Designator=R33 Old Description=10 kOhms ±1% 0.1W, 1/10W Chip Resistor 0603 (1608 Metric) Automotive AEC-Q200 Thick Film New Description=10 kOhms ±1% 0.1W, 1/10W Chip Resistor 0603 (1608 Metric) Automotive AEC-Q200 Thick Film

Change Component Description : Designator=R35 Old Description=10 kOhms ±1% 0.1W, 1/10W Chip Resistor 0603 (1608 Metric) Automotive AEC-Q200 Thick Film New Description=10 kOhms ±1% 0.1W, 1/10W Chip Resistor 0603 (1608 Metric) Automotive AEC-Q200 Thick Film

Change Component Description : Designator=R39 Old Description=10 kOhms ±1% 0.1W, 1/10W Chip Resistor 0603 (1608 Metric) Automotive AEC-Q200 Thick Film New Description=10 kOhms ±1% 0.1W, 1/10W Chip Resistor 0603 (1608 Metric) Automotive AEC-Q200 Thick Film

Change Component Description : Designator=R40 Old Description=10 kOhms ±1% 0.1W, 1/10W Chip Resistor 0603 (1608 Metric) Automotive AEC-Q200 Thick Film New Description=10 kOhms ±1% 0.1W, 1/10W Chip Resistor 0603 (1608 Metric) Automotive AEC-Q200 Thick Film

Change Component Description : Designator=R41 Old Description=10 kOhms ±1% 0.1W, 1/10W Chip Resistor 0603 (1608 Metric) Automotive AEC-Q200 Thick Film New Description=10 kOhms ±1% 0.1W, 1/10W Chip Resistor 0603 (1608 Metric) Automotive AEC-Q200 Thick Film

Change Component Description : Designator=R42 Old Description=10 kOhms ±1% 0.1W, 1/10W Chip Resistor 0603 (1608 Metric) Automotive AEC-Q200 Thick Film New Description=10 kOhms ±1% 0.1W, 1/10W Chip Resistor 0603 (1608 Metric) Automotive AEC-Q200 Thick Film

Change Component Description : Designator=R45 Old Description=10 kOhms ±1% 0.1W, 1/10W Chip Resistor 0603 (1608 Metric) Automotive AEC-Q200 Thick Film New Description=10 kOhms ±1% 0.1W, 1/10W Chip Resistor 0603 (1608 Metric) Automotive AEC-Q200 Thick Film

Change Component Description : Designator=R46 Old Description=10 kOhms ±1% 0.1W, 1/10W Chip Resistor 0603 (1608 Metric) Automotive AEC-Q200 Thick Film New Description=10 kOhms ±1% 0.1W, 1/10W Chip Resistor 0603 (1608 Metric) Automotive AEC-Q200 Thick Film

Change Component Description : Designator=R47 Old Description=10 kOhms ±1% 0.1W, 1/10W Chip Resistor 0603 (1608 Metric) Automotive AEC-Q200 Thick Film New Description=10 kOhms ±1% 0.1W, 1/10W Chip Resistor 0603 (1608 Metric) Automotive AEC-Q200 Thick Film

Change Component Description : Designator=R48 Old Description=10 kOhms ±1% 0.1W, 1/10W Chip Resistor 0603 (1608 Metric) Automotive AEC-Q200 Thick Film New Description=10 kOhms ±1% 0.1W, 1/10W Chip Resistor 0603 (1608 Metric) Automotive AEC-Q200 Thick Film

Change Component Description : Designator=C11 Old Description=10µF ±10% 50V Ceramic Capacitor X7R 1206 (3216 Metric) New Description=10µF ±10% 50V Ceramic Capacitor X7R 1206 (3216 Metric)

Change Component Description : Designator=C19 Old Description=10µF ±10% 50V Ceramic Capacitor X7R 1206 (3216 Metric) New Description=10µF ±10% 50V Ceramic Capacitor X7R 1206 (3216 Metric)

Change Component Description : Designator=C45 Old Description=10µF ±10% 50V Ceramic Capacitor X7R 1206 (3216 Metric) New Description=10µF ±10% 50V Ceramic Capacitor X7R 1206 (3216 Metric)

Change Component Description : Designator=C50 Old Description=10µF ±10% 50V Ceramic Capacitor X7R 1206 (3216 Metric) New Description=10µF ±10% 50V Ceramic Capacitor X7R 1206 (3216 Metric)

Change Component Description : Designator=C83 Old Description=10µF ±10% 50V Ceramic Capacitor X7R 1206 (3216 Metric) New Description=10µF ±10% 50V Ceramic Capacitor X7R 1206 (3216 Metric)

Change Component Description : Designator=C84 Old Description=10µF ±10% 50V Ceramic Capacitor X7R 1206 (3216 Metric) New Description=10µF ±10% 50V Ceramic Capacitor X7R 1206 (3216 Metric)

Change Component Description : Designator=C89 Old Description=10µF ±10% 50V Ceramic Capacitor X7R 1206 (3216 Metric) New Description=10µF ±10% 50V Ceramic Capacitor X7R 1206 (3216 Metric)

Change Component Description : Designator=C90 Old Description=10µF ±10% 50V Ceramic Capacitor X7R 1206 (3216 Metric) New Description=10µF ±10% 50V Ceramic Capacitor X7R 1206 (3216 Metric)

Change Component Description : Designator=Y1 Old Description=25MHz ±30ppm Crystal 20pF 30 Ohms HC-49/US New Description=25MHz ±30ppm Crystal 20pF 30 Ohms HC-49/US

Change Component Description : Designator=R19 Old Description=50 mOhms ±1% 2W Chip Resistor 2512 (6432 Metric) Automotive AEC-Q200, Current Sense, Moisture Resistant Metal Element New Description=50 mOhms ±1% 2W Chip Resistor 2512 (6432 Metric) Automotive AEC-Q200, Current Sense, Moisture Resistant Metal Element

Change Component Description : Designator=R43 Old Description=50 mOhms ±1% 2W Chip Resistor 2512 (6432 Metric) Automotive AEC-Q200, Current Sense, Moisture Resistant Metal Element New Description=50 mOhms ±1% 2W Chip Resistor 2512 (6432 Metric) Automotive AEC-Q200, Current Sense, Moisture Resistant Metal Element

Change Component Description : Designator=R30 Old Description=51.1 Ohms ±1% 0.1W, 1/10W Chip Resistor 0603 (1608 Metric) Thick Film New Description=51.1 Ohms ±1% 0.1W, 1/10W Chip Resistor 0603 (1608 Metric) Thick Film

Change Component Description : Designator=R31 Old Description=51.1 Ohms ±1% 0.1W, 1/10W Chip Resistor 0603 (1608 Metric) Thick Film New Description=51.1 Ohms ±1% 0.1W, 1/10W Chip Resistor 0603 (1608 Metric) Thick Film

Change Component Description : Designator=R1 Old Description=100 kOhms ±1% 0.1W, 1/10W Chip Resistor 0603 (1608 Metric) Automotive AEC-Q200 Thick Film New Description=100 kOhms ±1% 0.1W, 1/10W Chip Resistor 0603 (1608 Metric) Automotive AEC-Q200 Thick Film

Change Component Description : Designator=R4 Old Description=100 kOhms ±1% 0.1W, 1/10W Chip Resistor 0603 (1608 Metric) Automotive AEC-Q200 Thick Film New Description=100 kOhms ±1% 0.1W, 1/10W Chip Resistor 0603 (1608 Metric) Automotive AEC-Q200 Thick Film

Change Component Description : Designator=R27 Old Description=100 kOhms ±1% 0.1W, 1/10W Chip Resistor 0603 (1608 Metric) Automotive AEC-Q200 Thick Film New Description=100 kOhms ±1% 0.1W, 1/10W Chip Resistor 0603 (1608 Metric) Automotive AEC-Q200 Thick Film

Change Component Description : Designator=R34 Old Description=100 kOhms ±1% 0.1W, 1/10W Chip Resistor 0603 (1608 Metric) Automotive AEC-Q200 Thick Film New Description=100 kOhms ±1% 0.1W, 1/10W Chip Resistor 0603 (1608 Metric) Automotive AEC-Q200 Thick Film

Change Component Description : Designator=R36 Old Description=100 kOhms ±1% 0.1W, 1/10W Chip Resistor 0603 (1608 Metric) Automotive AEC-Q200 Thick Film New Description=100 kOhms ±1% 0.1W, 1/10W Chip Resistor 0603 (1608 Metric) Automotive AEC-Q200 Thick Film

Change Component Description : Designator=C24 Old Description=100µF 25V Aluminum Electrolytic Capacitors Radial, Can - SMD 1000 Hrs @ 105°C New Description=100µF 25V Aluminum Electrolytic Capacitors Radial, Can - SMD 1000 Hrs @ 105°C

Change Component Description : Designator=C80 Old Description=100µF 50V Aluminum Polymer Capacitor Radial, Can - SMD 28mOhm 4000 Hrs @ 125°C New Description=100µF 50V Aluminum Polymer Capacitor Radial, Can - SMD 28mOhm 4000 Hrs @ 125°C

Change Component Description : Designator=C81 Old Description=100µF 50V Aluminum Polymer Capacitor Radial, Can - SMD 28mOhm 4000 Hrs @ 125°C New Description=100µF 50V Aluminum Polymer Capacitor Radial, Can - SMD 28mOhm 4000 Hrs @ 125°C

Change Component Description : Designator=C82 Old Description=100µF 50V Aluminum Polymer Capacitor Radial, Can - SMD 28mOhm 4000 Hrs @ 125°C New Description=100µF 50V Aluminum Polymer Capacitor Radial, Can - SMD 28mOhm 4000 Hrs @ 125°C

Change Component Description : Designator=C48 Old Description=150pF ±10% 50V Ceramic Capacitor C0G, NP0 0805 (2012 Metric) New Description=150pF ±10% 50V Ceramic Capacitor C0G, NP0 0805 (2012 Metric)

Change Component Description : Designator=C49 Old Description=150pF ±10% 50V Ceramic Capacitor C0G, NP0 0805 (2012 Metric) New Description=150pF ±10% 50V Ceramic Capacitor C0G, NP0 0805 (2012 Metric)

Change Component Description : Designator=C10 Old Description=2000pF ±10% 50V Ceramic Capacitor X7R 0805 (2012 Metric) New Description=2000pF ±10% 50V Ceramic Capacitor X7R 0805 (2012 Metric)

Change Component Description : Designator=C8 Old Description=10000pF ±10% 50V Ceramic Capacitor X7R 0805 (2012 Metric) New Description=10000pF ±10% 50V Ceramic Capacitor X7R 0805 (2012 Metric)

Change Component Description : Designator=C14 Old Description=10000pF ±10% 50V Ceramic Capacitor X7R 0805 (2012 Metric) New Description=10000pF ±10% 50V Ceramic Capacitor X7R 0805 (2012 Metric)

Change Component Description : Designator=C16 Old Description=10000pF ±10% 50V Ceramic Capacitor X7R 0805 (2012 Metric) New Description=10000pF ±10% 50V Ceramic Capacitor X7R 0805 (2012 Metric)

Change Component Description : Designator=C33 Old Description=10000pF ±10% 50V Ceramic Capacitor X7R 0805 (2012 Metric) New Description=10000pF ±10% 50V Ceramic Capacitor X7R 0805 (2012 Metric)

Change Component Description : Designator=C34 Old Description=10000pF ±10% 50V Ceramic Capacitor X7R 0805 (2012 Metric) New Description=10000pF ±10% 50V Ceramic Capacitor X7R 0805 (2012 Metric)

Change Component Description : Designator=C21 Old Description=10000pF ±10% 1000V (1kV) Ceramic Capacitor X7R Radial New Description=10000pF ±10% 1000V (1kV) Ceramic Capacitor X7R Radial

Change Component Description : Designator=U1 Old Description=ARM® Cortex®-M3 STM32F1 Microcontroller IC 32-Bit 72MHz 64KB (64K x 8) FLASH 48-LQFP (7x7) New Description=ARM® Cortex®-M3 STM32F1 Microcontroller IC 32-Bit 72MHz 64KB (64K x 8) FLASH 48-LQFP (7x7)

Change Component Description : Designator=R20 Old Description=Thick Film Resistors - SMD 33KOhms 1/8W 150V33 kOhms ±1% 0.125W, 1/8W Chip Resistor 0805 (2012 Metric) Thick Film New Description=Thick Film Resistors - SMD 33KOhms 1/8W 150V33 kOhms ±1% 0.125W, 1/8W Chip Resistor 0805 (2012 Metric) Thick Film

Change Component Description : Designator=R44 Old Description=Thick Film Resistors - SMD 33KOhms 1/8W 150V33 kOhms ±1% 0.125W, 1/8W Chip Resistor 0805 (2012 Metric) Thick Film New Description=Thick Film Resistors - SMD 33KOhms 1/8W 150V33 kOhms ±1% 0.125W, 1/8W Chip Resistor 0805 (2012 Metric) Thick Film

Change Component Description : Designator=D8 Old Description=Zener Diode 1.8V 500mW ±5% Surface Mount DO-213AA New Description=Zener Diode 1.8V 500mW ±5% Surface Mount DO-213AA

Change Component Description : Designator=D6 Old Description=Zener Diode 3.3V 500mW ±6% Surface Mount SOD-123 New Description=Zener Diode 3.3V 500mW ±6% Surface Mount SOD-123 

Change Component Description : Designator=C5 Old Description=±10% 50V Ceramic Capacitor C0G, NP0 0805 (2012 Metric) New Description=±10% 50V Ceramic Capacitor C0G, NP0 0805 (2012 Metric)

Change Component Description : Designator=C6 Old Description=±10% 50V Ceramic Capacitor C0G, NP0 0805 (2012 Metric) New Description=±10% 50V Ceramic Capacitor C0G, NP0 0805 (2012 Metric)

Change Component Description : Designator=C15 Old Description=±10% 50V Ceramic Capacitor C0G, NP0 0805 (2012 Metric) New Description=±10% 50V Ceramic Capacitor C0G, NP0 0805 (2012 Metric)

Change Component Description : Designator=C20 Old Description=±10% 50V Ceramic Capacitor C0G, NP0 0805 (2012 Metric) New Description=±10% 50V Ceramic Capacitor C0G, NP0 0805 (2012 Metric)

Change Component Description : Designator=C56 Old Description=±10% 50V Ceramic Capacitor C0G, NP0 0805 (2012 Metric) New Description=±10% 50V Ceramic Capacitor C0G, NP0 0805 (2012 Metric)

Change Component Description : Designator=C58 Old Description=±10% 50V Ceramic Capacitor C0G, NP0 0805 (2012 Metric) New Description=±10% 50V Ceramic Capacitor C0G, NP0 0805 (2012 Metric)

Added Component: Designator=U8(QFN100_19.6_669_58X10_SMD)
Add component (AddParameter): Name = "Alternate Part Number-1"; Value = "STM32F407VET6"; VariantName = "[No Variations]"
Add component (AddParameter): Name = "Case/Package"; Value = "LQFP100"; VariantName = "[No Variations]"
Add component (AddParameter): Name = "Manufacturer"; Value = "STMicroelectronics"; VariantName = "[No Variations]"
Add component (AddParameter): Name = "Manufacturer Part Number"; Value = "STM32F407VGT6"; VariantName = "[No Variations]"
Add component (AddParameter): Name = "Supplier Part Number-1"; Value = "STM32F407VGT6"; VariantName = "[No Variations]"
Add component (AddParameter): Name = "Supplier-1"; Value = "ARROW"; VariantName = "[No Variations]"
Added Pin To Net: NetName=TX_D3 Pin=U8-1
Added Pin To Net: NetName=+3V3 Pin=U8-6
Added Pin To Net: NetName=GND Pin=U8-10
Added Pin To Net: NetName=+3V3 Pin=U8-11
Added Pin To Net: NetName=NetC56_1 Pin=U8-12
Added Pin To Net: NetName=NetC58_1 Pin=U8-13
Added Pin To Net: NetName=NTRST_F407 Pin=U8-14
Added Pin To Net: NetName=MDC Pin=U8-16
Added Pin To Net: NetName=TX_D2 Pin=U8-17
Added Pin To Net: NetName=TX_CLK Pin=U8-18
Added Pin To Net: NetName=+3V3 Pin=U8-19
Added Pin To Net: NetName=GND Pin=U8-20
Added Pin To Net: NetName=NetC67_2 Pin=U8-21
Added Pin To Net: NetName=NetC67_2 Pin=U8-22
Added Pin To Net: NetName=CRS Pin=U8-23
Added Pin To Net: NetName=RX_CLK Pin=U8-24
Added Pin To Net: NetName=MDIO Pin=U8-25
Added Pin To Net: NetName=COL Pin=U8-26
Added Pin To Net: NetName=GND Pin=U8-27
Added Pin To Net: NetName=+3V3 Pin=U8-28
Added Pin To Net: NetName=MCLK Pin=U8-29
Added Pin To Net: NetName=SO Pin=U8-30
Added Pin To Net: NetName=SO_2 Pin=U8-31
Added Pin To Net: NetName=RX_DV Pin=U8-32
Added Pin To Net: NetName=RX_D0 Pin=U8-33
Added Pin To Net: NetName=RX_D1 Pin=U8-34
Added Pin To Net: NetName=RX_D2 Pin=U8-35
Added Pin To Net: NetName=RX_D3 Pin=U8-36
Added Pin To Net: NetName=NetR34_2 Pin=U8-37
Added Pin To Net: NetName=EN Pin=U8-45
Added Pin To Net: NetName=RX_ER Pin=U8-47
Added Pin To Net: NetName=TX_EN Pin=U8-48
Added Pin To Net: NetName=NetC66_2 Pin=U8-49
Added Pin To Net: NetName=+3V3 Pin=U8-50
Added Pin To Net: NetName=TX_D0 Pin=U8-51
Added Pin To Net: NetName=TX_D1 Pin=U8-52
Added Pin To Net: NetName=DOUT_MIC Pin=U8-53
Added Pin To Net: NetName=RESET_DAC Pin=U8-54
Added Pin To Net: NetName=RESET Pin=U8-55
Added Pin To Net: NetName=DRDY Pin=U8-56
Added Pin To Net: NetName=CH340_RST Pin=U8-57
Added Pin To Net: NetName=SNSOUT_2 Pin=U8-58
Added Pin To Net: NetName=nFAULT_2 Pin=U8-59
Added Pin To Net: NetName=PH_2 Pin=U8-60
Added Pin To Net: NetName=SNSOUT Pin=U8-61
Added Pin To Net: NetName=nFAULT Pin=U8-62
Added Pin To Net: NetName=PH Pin=U8-63
Added Pin To Net: NetName=PHY_RESET Pin=U8-64
Added Pin To Net: NetName=CLK_MIC Pin=U8-65
Added Pin To Net: NetName=EN_2 Pin=U8-66
Added Pin To Net: NetName=EXT_UART_TX Pin=U8-68
Added Pin To Net: NetName=EXT_UART_RX Pin=U8-69
Added Pin To Net: NetName=CAN_RX Pin=U8-70
Added Pin To Net: NetName=CAN_TX Pin=U8-71
Added Pin To Net: NetName=JTMS_F407 Pin=U8-72
Added Pin To Net: NetName=NetC65_2 Pin=U8-73
Added Pin To Net: NetName=GND Pin=U8-74
Added Pin To Net: NetName=+3V3 Pin=U8-75
Added Pin To Net: NetName=JTCLK_F407 Pin=U8-76
Added Pin To Net: NetName=CH340_TXDPort Pin=U8-78
Added Pin To Net: NetName=CH340_RXD Pin=U8-79
Added Pin To Net: NetName=SDIN Pin=U8-80
Added Pin To Net: NetName=SCLK Pin=U8-89
Added Pin To Net: NetName=LRCK Pin=U8-90
Added Pin To Net: NetName=SCL Pin=U8-92
Added Pin To Net: NetName=SDA Pin=U8-93
Added Pin To Net: NetName=NetR36_1 Pin=U8-94
Added Pin To Net: NetName=GND Pin=U8-99
Added Pin To Net: NetName=+3V3 Pin=U8-100
Added Member To Class: ClassName=[9]-STM32F407 Controller Member=Component U8 STM32F407VGT6
