Added Component: Designator=R21(RES_0603)
Add component (AddParameter): Name = "Alternate Part Number-1"; Value = "0603WAJ0103T5E"; VariantName = "[No Variations]"
Add component (AddParameter): Name = "Case/Package"; Value = "0603"; VariantName = "[No Variations]"
Add component (AddParameter): Name = "Manufacturer"; Value = "Walsin"; VariantName = "[No Variations]"
Add component (AddParameter): Name = "Manufacturer Part Number"; Value = "WR06X1002FTL"; VariantName = "[No Variations]"
Add component (AddParameter): Name = "Supplier Part Number-1"; Value = "WR06X1002FTL"; VariantName = "[No Variations]"
Add component (AddParameter): Name = "Supplier-1"; Value = "SIRICOM"; VariantName = "[No Variations]"
Added Component: Designator=R22(RES_0603)
Add component (AddParameter): Name = "Alternate Part Number-1"; Value = "0603WAJ0103T5E"; VariantName = "[No Variations]"
Add component (AddParameter): Name = "Case/Package"; Value = "0603"; VariantName = "[No Variations]"
Add component (AddParameter): Name = "Manufacturer"; Value = "Walsin"; VariantName = "[No Variations]"
Add component (AddParameter): Name = "Manufacturer Part Number"; Value = "WR06X1002FTL"; VariantName = "[No Variations]"
Add component (AddParameter): Name = "Supplier Part Number-1"; Value = "WR06X1002FTL"; VariantName = "[No Variations]"
Add component (AddParameter): Name = "Supplier-1"; Value = "SIRICOM"; VariantName = "[No Variations]"
Added Pin To Net: NetName=SNSOUT Pin=R21-1
Added Pin To Net: NetName=DVDD Pin=R21-2
Added Pin To Net: NetName=nFAULT Pin=R22-1
Added Pin To Net: NetName=DVDD Pin=R22-2
Added Member To Class: ClassName=[5] - Motor Driver Schematic Member=Component R21 10K
Added Member To Class: ClassName=[5] - Motor Driver Schematic Member=Component R22 10K
